
Memory Configuration

Name             Origin             Length             Attributes
flash            0x0000000008000000 0x0000000000020000 xr
sram             0x0000000020000000 0x0000000000005000 xrw
*default*        0x0000000000000000 0xffffffffffffffff

Linker script and memory map


.text           0x0000000008000000       0xd4
 *(.vectors*)
 .vectors       0x0000000008000000       0x50 startup.o
 *(.text*)
 .text          0x0000000008000050        0x8 startup.o
 .text          0x0000000008000058       0x7c Toggle_LED.o
                0x0000000008000058                main
 *(.rodata)

.glue_7         0x00000000080000d4        0x0
 .glue_7        0x00000000080000d4        0x0 linker stubs

.glue_7t        0x00000000080000d4        0x0
 .glue_7t       0x00000000080000d4        0x0 linker stubs

.vfp11_veneer   0x00000000080000d4        0x0
 .vfp11_veneer  0x00000000080000d4        0x0 linker stubs

.v4_bx          0x00000000080000d4        0x0
 .v4_bx         0x00000000080000d4        0x0 linker stubs

.iplt           0x00000000080000d4        0x0
 .iplt          0x00000000080000d4        0x0 startup.o

.rel.dyn        0x00000000080000d4        0x0
 .rel.iplt      0x00000000080000d4        0x0 startup.o

.data           0x00000000080000d4        0x4
 *(.data)
 .data          0x00000000080000d4        0x0 startup.o
 .data          0x00000000080000d4        0x4 Toggle_LED.o
                0x00000000080000d4                R_ODR

.igot.plt       0x00000000080000d8        0x0
 .igot.plt      0x00000000080000d8        0x0 startup.o

.bss            0x0000000020000000        0x0
 *(.bss*)
 .bss           0x0000000020000000        0x0 startup.o
 .bss           0x0000000020000000        0x0 Toggle_LED.o
LOAD startup.o
LOAD Toggle_LED.o
OUTPUT(Toggle_led.elf elf32-littlearm)

.ARM.attributes
                0x0000000000000000       0x2f
 .ARM.attributes
                0x0000000000000000       0x21 startup.o
 .ARM.attributes
                0x0000000000000021       0x33 Toggle_LED.o

.comment        0x0000000000000000       0x7b
 .comment       0x0000000000000000       0x7b Toggle_LED.o
                                         0x7c (size before relaxing)

.debug_line     0x0000000000000000      0x31f
 .debug_line    0x0000000000000000       0x3b startup.o
 .debug_line    0x000000000000003b      0x2e4 Toggle_LED.o

.debug_info     0x0000000000000000      0xa64
 .debug_info    0x0000000000000000       0x26 startup.o
 .debug_info    0x0000000000000026      0xa3e Toggle_LED.o

.debug_abbrev   0x0000000000000000      0x1d5
 .debug_abbrev  0x0000000000000000       0x14 startup.o
 .debug_abbrev  0x0000000000000014      0x1c1 Toggle_LED.o

.debug_aranges  0x0000000000000000       0x40
 .debug_aranges
                0x0000000000000000       0x20 startup.o
 .debug_aranges
                0x0000000000000020       0x20 Toggle_LED.o

.debug_str      0x0000000000000000      0x525
 .debug_str     0x0000000000000000       0x4e startup.o
 .debug_str     0x000000000000004e      0x4d7 Toggle_LED.o
                                        0x56e (size before relaxing)

.debug_loc      0x0000000000000000       0x38
 .debug_loc     0x0000000000000000       0x38 Toggle_LED.o

.debug_frame    0x0000000000000000       0x2c
 .debug_frame   0x0000000000000000       0x2c Toggle_LED.o
