
Memory Configuration

Name             Origin             Length             Attributes
flash            0x0000000008000000 0x0000000000020000 xr
sram             0x0000000020000000 0x0000000000005000 xrw
*default*        0x0000000000000000 0xffffffffffffffff

Linker script and memory map


.text           0x0000000008000000      0x128
 *(.vectors*)
 .vectors       0x0000000008000000       0x1c startup.o
                0x0000000008000000                vectors
 *(.text*)
 .text          0x000000000800001c       0x90 startup.o
                0x000000000800001c                Bus_fault
                0x000000000800001c                MM_fault_Handler
                0x000000000800001c                Usage_fault_Handler
                0x000000000800001c                Default_Handler
                0x000000000800001c                H_fault_Handler
                0x000000000800001c                NMI_Handler
                0x0000000008000028                Rest_Handler
 .text          0x00000000080000ac       0x7c Toggle_LED.o
                0x00000000080000ac                main
 *(.rodata)
                0x0000000008000128                _E_text = .

.glue_7         0x0000000008000128        0x0
 .glue_7        0x0000000008000128        0x0 linker stubs

.glue_7t        0x0000000008000128        0x0
 .glue_7t       0x0000000008000128        0x0 linker stubs

.vfp11_veneer   0x0000000008000128        0x0
 .vfp11_veneer  0x0000000008000128        0x0 linker stubs

.v4_bx          0x0000000008000128        0x0
 .v4_bx         0x0000000008000128        0x0 linker stubs

.iplt           0x0000000008000128        0x0
 .iplt          0x0000000008000128        0x0 startup.o

.rel.dyn        0x0000000008000128        0x0
 .rel.iplt      0x0000000008000128        0x0 startup.o

.data           0x0000000020000000        0x4 load address 0x0000000008000128
                0x0000000020000000                _S_DATA = .
 *(.data)
 .data          0x0000000020000000        0x0 startup.o
 .data          0x0000000020000000        0x4 Toggle_LED.o
                0x0000000020000000                R_ODR
                0x0000000020000004                _E_DATA = .

.igot.plt       0x0000000020000004        0x0 load address 0x000000000800012c
 .igot.plt      0x0000000020000004        0x0 startup.o

.bss            0x0000000020000004     0x1000 load address 0x000000000800012c
                0x0000000020000004                _S_bss = .
 *(.bss*)
 .bss           0x0000000020000004        0x0 startup.o
 .bss           0x0000000020000004        0x0 Toggle_LED.o
                0x0000000020000004                _E_bss = .
                0x0000000020000004                . = ALIGN (0x4)
                0x0000000020001004                . = (. + 0x1000)
 *fill*         0x0000000020000004     0x1000 
                0x0000000020001004                _stack_top = .
LOAD startup.o
LOAD Toggle_LED.o
OUTPUT(Toggle_led.elf elf32-littlearm)

.debug_info     0x0000000000000000      0xc01
 .debug_info    0x0000000000000000      0x1c3 startup.o
 .debug_info    0x00000000000001c3      0xa3e Toggle_LED.o

.debug_abbrev   0x0000000000000000      0x297
 .debug_abbrev  0x0000000000000000       0xd6 startup.o
 .debug_abbrev  0x00000000000000d6      0x1c1 Toggle_LED.o

.debug_loc      0x0000000000000000       0xb4
 .debug_loc     0x0000000000000000       0x7c startup.o
 .debug_loc     0x000000000000007c       0x38 Toggle_LED.o

.debug_aranges  0x0000000000000000       0x40
 .debug_aranges
                0x0000000000000000       0x20 startup.o
 .debug_aranges
                0x0000000000000020       0x20 Toggle_LED.o

.debug_line     0x0000000000000000      0x4eb
 .debug_line    0x0000000000000000      0x207 startup.o
 .debug_line    0x0000000000000207      0x2e4 Toggle_LED.o

.debug_str      0x0000000000000000      0x596
 .debug_str     0x0000000000000000      0x192 startup.o
                                        0x1dc (size before relaxing)
 .debug_str     0x0000000000000192      0x404 Toggle_LED.o
                                        0x56e (size before relaxing)

.comment        0x0000000000000000       0x7b
 .comment       0x0000000000000000       0x7b startup.o
                                         0x7c (size before relaxing)
 .comment       0x000000000000007b       0x7c Toggle_LED.o

.ARM.attributes
                0x0000000000000000       0x33
 .ARM.attributes
                0x0000000000000000       0x33 startup.o
 .ARM.attributes
                0x0000000000000033       0x33 Toggle_LED.o

.debug_frame    0x0000000000000000       0x7c
 .debug_frame   0x0000000000000000       0x50 startup.o
 .debug_frame   0x0000000000000050       0x2c Toggle_LED.o
