
Memory Configuration

Name             Origin             Length             Attributes
flash            0x0000000000000000 0x0000000020000000 xr
sram             0x0000000020000000 0x0000000020000000 xrw
*default*        0x0000000000000000 0xffffffffffffffff

Linker script and memory map


.text           0x0000000000000000      0x11c
 *(.vectors*)
 .vectors       0x0000000000000000       0x1c startup.o
                0x0000000000000000                g_p_fn_vectors
 *(.text*)
 .text          0x000000000000001c       0x90 startup.o
                0x000000000000001c                Bus_fault
                0x000000000000001c                MM_fault_Handler
                0x000000000000001c                Usage_fault_Handler
                0x000000000000001c                Default_Handler
                0x000000000000001c                H_fault_Handler
                0x000000000000001c                NMI_Handler
                0x0000000000000028                Rest_Handler
 .text          0x00000000000000ac       0x70 Toggle_LED.o
                0x00000000000000ac                main
 *(.rodata)
                0x000000000000011c                _E_text = .

.glue_7         0x000000000000011c        0x0
 .glue_7        0x000000000000011c        0x0 linker stubs

.glue_7t        0x000000000000011c        0x0
 .glue_7t       0x000000000000011c        0x0 linker stubs

.vfp11_veneer   0x000000000000011c        0x0
 .vfp11_veneer  0x000000000000011c        0x0 linker stubs

.v4_bx          0x000000000000011c        0x0
 .v4_bx         0x000000000000011c        0x0 linker stubs

.iplt           0x000000000000011c        0x0
 .iplt          0x000000000000011c        0x0 startup.o

.rel.dyn        0x000000000000011c        0x0
 .rel.iplt      0x000000000000011c        0x0 startup.o

.data           0x0000000020000000        0x0 load address 0x000000000000011c
                0x0000000020000000                _S_DATA = .
 *(.data)
 .data          0x0000000020000000        0x0 startup.o
 .data          0x0000000020000000        0x0 Toggle_LED.o
                0x0000000020000000                _E_DATA = .

.igot.plt       0x0000000020000000        0x0 load address 0x000000000000011c
 .igot.plt      0x0000000020000000        0x0 startup.o

.bss            0x0000000020000000      0x400 load address 0x000000000000011c
                0x0000000020000000                _S_bss = .
 *(.bss*)
 .bss           0x0000000020000000      0x400 startup.o
 .bss           0x0000000020000400        0x0 Toggle_LED.o
                0x0000000020000400                _E_bss = .
LOAD startup.o
LOAD Toggle_LED.o
OUTPUT(Toggle_led_tiva_c.elf elf32-littlearm)

.debug_info     0x0000000000000000      0xbaf
 .debug_info    0x0000000000000000      0x1ee startup.o
 .debug_info    0x00000000000001ee      0x9c1 Toggle_LED.o

.debug_abbrev   0x0000000000000000      0x277
 .debug_abbrev  0x0000000000000000       0xe9 startup.o
 .debug_abbrev  0x00000000000000e9      0x18e Toggle_LED.o

.debug_loc      0x0000000000000000       0xb4
 .debug_loc     0x0000000000000000       0x7c startup.o
 .debug_loc     0x000000000000007c       0x38 Toggle_LED.o

.debug_aranges  0x0000000000000000       0x40
 .debug_aranges
                0x0000000000000000       0x20 startup.o
 .debug_aranges
                0x0000000000000020       0x20 Toggle_LED.o

.debug_line     0x0000000000000000      0x4ea
 .debug_line    0x0000000000000000      0x207 startup.o
 .debug_line    0x0000000000000207      0x2e3 Toggle_LED.o

.debug_str      0x0000000000000000      0x570
 .debug_str     0x0000000000000000      0x191 startup.o
                                        0x1db (size before relaxing)
 .debug_str     0x0000000000000191      0x3df Toggle_LED.o
                                        0x53b (size before relaxing)

.comment        0x0000000000000000       0x7b
 .comment       0x0000000000000000       0x7b startup.o
                                         0x7c (size before relaxing)
 .comment       0x000000000000007b       0x7c Toggle_LED.o

.ARM.attributes
                0x0000000000000000       0x33
 .ARM.attributes
                0x0000000000000000       0x33 startup.o
 .ARM.attributes
                0x0000000000000033       0x33 Toggle_LED.o

.debug_frame    0x0000000000000000       0x7c
 .debug_frame   0x0000000000000000       0x50 startup.o
 .debug_frame   0x0000000000000050       0x2c Toggle_LED.o
